###############################################################################
#
# IAR ELF Linker V8.11.3.13950/W32 for ARM                27/Jul/2018  10:44:22
# Copyright 2007-2017 IAR Systems AB.
#
#    Output file  =  
#        D:\Signal
#        Generator\SW\SignalGeneratorV00_2.2\EWARM\SignalGeneratorV00_2\Exe\SignalGeneratorV00_2.out
#    Map file     =  
#        D:\Signal
#        Generator\SW\SignalGeneratorV00_2.2\EWARM\SignalGeneratorV00_2\List\SignalGeneratorV00_2.map
#    Command line =  
#        -f C:\Users\uia91052\AppData\Local\Temp\EW4383.tmp ("D:\Signal
#        Generator\SW\SignalGeneratorV00_2.2\EWARM\SignalGeneratorV00_2\Obj\gpio.o"
#        "D:\Signal
#        Generator\SW\SignalGeneratorV00_2.2\EWARM\SignalGeneratorV00_2\Obj\main.o"
#        "D:\Signal
#        Generator\SW\SignalGeneratorV00_2.2\EWARM\SignalGeneratorV00_2\Obj\spi.o"
#        "D:\Signal
#        Generator\SW\SignalGeneratorV00_2.2\EWARM\SignalGeneratorV00_2\Obj\startup_stm32f303xe.o"
#        "D:\Signal
#        Generator\SW\SignalGeneratorV00_2.2\EWARM\SignalGeneratorV00_2\Obj\stm32f3xx_hal.o"
#        "D:\Signal
#        Generator\SW\SignalGeneratorV00_2.2\EWARM\SignalGeneratorV00_2\Obj\stm32f3xx_hal_cortex.o"
#        "D:\Signal
#        Generator\SW\SignalGeneratorV00_2.2\EWARM\SignalGeneratorV00_2\Obj\stm32f3xx_hal_dma.o"
#        "D:\Signal
#        Generator\SW\SignalGeneratorV00_2.2\EWARM\SignalGeneratorV00_2\Obj\stm32f3xx_hal_flash.o"
#        "D:\Signal
#        Generator\SW\SignalGeneratorV00_2.2\EWARM\SignalGeneratorV00_2\Obj\stm32f3xx_hal_flash_ex.o"
#        "D:\Signal
#        Generator\SW\SignalGeneratorV00_2.2\EWARM\SignalGeneratorV00_2\Obj\stm32f3xx_hal_gpio.o"
#        "D:\Signal
#        Generator\SW\SignalGeneratorV00_2.2\EWARM\SignalGeneratorV00_2\Obj\stm32f3xx_hal_i2c.o"
#        "D:\Signal
#        Generator\SW\SignalGeneratorV00_2.2\EWARM\SignalGeneratorV00_2\Obj\stm32f3xx_hal_i2c_ex.o"
#        "D:\Signal
#        Generator\SW\SignalGeneratorV00_2.2\EWARM\SignalGeneratorV00_2\Obj\stm32f3xx_hal_msp.o"
#        "D:\Signal
#        Generator\SW\SignalGeneratorV00_2.2\EWARM\SignalGeneratorV00_2\Obj\stm32f3xx_hal_pwr.o"
#        "D:\Signal
#        Generator\SW\SignalGeneratorV00_2.2\EWARM\SignalGeneratorV00_2\Obj\stm32f3xx_hal_pwr_ex.o"
#        "D:\Signal
#        Generator\SW\SignalGeneratorV00_2.2\EWARM\SignalGeneratorV00_2\Obj\stm32f3xx_hal_rcc.o"
#        "D:\Signal
#        Generator\SW\SignalGeneratorV00_2.2\EWARM\SignalGeneratorV00_2\Obj\stm32f3xx_hal_rcc_ex.o"
#        "D:\Signal
#        Generator\SW\SignalGeneratorV00_2.2\EWARM\SignalGeneratorV00_2\Obj\stm32f3xx_hal_spi.o"
#        "D:\Signal
#        Generator\SW\SignalGeneratorV00_2.2\EWARM\SignalGeneratorV00_2\Obj\stm32f3xx_hal_spi_ex.o"
#        "D:\Signal
#        Generator\SW\SignalGeneratorV00_2.2\EWARM\SignalGeneratorV00_2\Obj\stm32f3xx_hal_tim.o"
#        "D:\Signal
#        Generator\SW\SignalGeneratorV00_2.2\EWARM\SignalGeneratorV00_2\Obj\stm32f3xx_hal_tim_ex.o"
#        "D:\Signal
#        Generator\SW\SignalGeneratorV00_2.2\EWARM\SignalGeneratorV00_2\Obj\stm32f3xx_hal_uart.o"
#        "D:\Signal
#        Generator\SW\SignalGeneratorV00_2.2\EWARM\SignalGeneratorV00_2\Obj\stm32f3xx_hal_uart_ex.o"
#        "D:\Signal
#        Generator\SW\SignalGeneratorV00_2.2\EWARM\SignalGeneratorV00_2\Obj\stm32f3xx_it.o"
#        "D:\Signal
#        Generator\SW\SignalGeneratorV00_2.2\EWARM\SignalGeneratorV00_2\Obj\system_stm32f3xx.o"
#        "D:\Signal
#        Generator\SW\SignalGeneratorV00_2.2\EWARM\SignalGeneratorV00_2\Obj\usart.o"
#        --redirect _Printf=_PrintfFull --redirect _Scanf=_ScanfFull -o
#        "D:\Signal
#        Generator\SW\SignalGeneratorV00_2.2\EWARM\SignalGeneratorV00_2\Exe\SignalGeneratorV00_2.out"
#        --map "D:\Signal
#        Generator\SW\SignalGeneratorV00_2.2\EWARM\SignalGeneratorV00_2\List\SignalGeneratorV00_2.map"
#        --config "D:\Signal
#        Generator\SW\SignalGeneratorV00_2.2\EWARM/stm32f303xe_flash.icf"
#        --semihosting --entry __iar_program_start --vfe --text_out locale)
#
###############################################################################

*******************************************************************************
*** RUNTIME MODEL ATTRIBUTES
***

CppFlavor       = *
__SystemLibrary = DLib
__dlib_version  = 6


*******************************************************************************
*** HEAP SELECTION
***

The basic heap was selected because some modules are built with
size limitations (and not runtime checking), and --advanced_heap
was not specified.


*******************************************************************************
*** PLACEMENT SUMMARY
***

"A0":  place at 0x08000000 { ro section .intvec };
"P1":  place in [from 0x08000000 to 0x0807ffff] { ro };
define block CSTACK with size = 1K, alignment = 8 { };
define block HEAP with size = 512, alignment = 8 { };
"P2":  place in [from 0x20000000 to 0x2000ffff] {
          rw, block CSTACK, block HEAP };
initialize by copy { rw };

  Section            Kind        Address    Size  Object
  -------            ----        -------    ----  ------
"A0":                                      0x194
  .intvec            ro code  0x08000000   0x194  startup_stm32f303xe.o [1]
                            - 0x08000194   0x194

"P1":                                     0x24ec
  .text              ro code  0x08000194   0x790  stm32f3xx_hal_rcc.o [1]
  .text              ro code  0x08000924     0xc  stm32f3xx_hal.o [1]
  .text              ro code  0x08000930   0x10e  main.o [1]
  .text              ro code  0x08000a40    0x40  stm32f3xx_hal.o [1]
  .text              ro code  0x08000a80    0x24  stm32f3xx_hal.o [1]
  .text              ro code  0x08000aa4   0x16c  gpio.o [1]
  .text              ro code  0x08000c10    0xc4  usart.o [1]
  .text              ro code  0x08000cd4    0xe0  spi.o [1]
  .text              ro code  0x08000db4   0x1c2  stm32f3xx_hal_cortex.o [1]
  .text              ro code  0x08000f78    0x28  stm32f3xx_hal.o [1]
  .text              ro code  0x08000fa0   0x510  stm32f3xx_hal_rcc_ex.o [1]
  .text              ro code  0x080014b0    0x8c  stm32f3xx_hal_msp.o [1]
  .text              ro code  0x0800153c   0x396  stm32f3xx_hal_gpio.o [1]
  .text              ro code  0x080018d4   0x680  stm32f3xx_hal_uart.o [1]
  .text              ro code  0x08001f54   0x388  stm32f3xx_hal_spi.o [1]
  .text              ro code  0x080022dc    0x4a  stm32f3xx_hal_dma.o [1]
  .text              ro code  0x08002326     0x2  stm32f3xx_hal_spi.o [1]
  .text              ro code  0x08002328    0x7c  system_stm32f3xx.o [1]
  .text              ro code  0x080023a4    0x40  zero_init3.o [5]
  .text              ro code  0x080023e4    0x38  stm32f3xx_it.o [1]
  .text              ro code  0x0800241c    0x10  stm32f3xx_hal.o [1]
  .text              ro code  0x0800242c    0x2c  copy_init3.o [5]
  .text              ro code  0x08002458    0x28  data_init.o [5]
  .text              ro code  0x08002480    0x22  fpinit_M.o [4]
  .iar.init_table    const    0x080024a4    0x24  - Linker created -
  .text              ro code  0x080024c8    0x1a  cmain.o [5]
  .text              ro code  0x080024e2     0x4  low_level_init.o [3]
  .text              ro code  0x080024e6     0x4  exit.o [3]
  .text              ro code  0x080024ec     0xa  cexit.o [5]
  .text              ro code  0x080024f8    0x14  exit.o [6]
  .text              ro code  0x0800250c    0x10  startup_stm32f303xe.o [1]
  Initializer bytes  const    0x0800251c    0x10  <for P2-1>
  .text              ro code  0x0800252c     0xc  cstartup_M.o [5]
  .rodata            const    0x08002538     0x8  system_stm32f3xx.o [1]
  .text              ro code  0x08002540     0x4  startup_stm32f303xe.o [1]
  .text              ro code  0x08002544     0x4  startup_stm32f303xe.o [1]
  .text              ro code  0x08002548     0x4  startup_stm32f303xe.o [1]
  .text              ro code  0x0800254c     0x4  startup_stm32f303xe.o [1]
  .text              ro code  0x08002550     0x4  startup_stm32f303xe.o [1]
  .text              ro code  0x08002554     0x4  startup_stm32f303xe.o [1]
  .text              ro code  0x08002558     0x4  startup_stm32f303xe.o [1]
  .text              ro code  0x0800255c     0x4  startup_stm32f303xe.o [1]
  .text              ro code  0x08002560     0x4  startup_stm32f303xe.o [1]
  .text              ro code  0x08002564     0x4  startup_stm32f303xe.o [1]
  .text              ro code  0x08002568     0x4  startup_stm32f303xe.o [1]
  .text              ro code  0x0800256c     0x4  startup_stm32f303xe.o [1]
  .text              ro code  0x08002570     0x4  startup_stm32f303xe.o [1]
  .text              ro code  0x08002574     0x4  startup_stm32f303xe.o [1]
  .text              ro code  0x08002578     0x4  startup_stm32f303xe.o [1]
  .text              ro code  0x0800257c     0x4  startup_stm32f303xe.o [1]
  .text              ro code  0x08002580     0x4  startup_stm32f303xe.o [1]
  .text              ro code  0x08002584     0x4  startup_stm32f303xe.o [1]
  .text              ro code  0x08002588     0x4  startup_stm32f303xe.o [1]
  .text              ro code  0x0800258c     0x4  startup_stm32f303xe.o [1]
  .text              ro code  0x08002590     0x4  startup_stm32f303xe.o [1]
  .text              ro code  0x08002594     0x4  startup_stm32f303xe.o [1]
  .text              ro code  0x08002598     0x4  startup_stm32f303xe.o [1]
  .text              ro code  0x0800259c     0x4  startup_stm32f303xe.o [1]
  .text              ro code  0x080025a0     0x4  startup_stm32f303xe.o [1]
  .text              ro code  0x080025a4     0x4  startup_stm32f303xe.o [1]
  .text              ro code  0x080025a8     0x4  startup_stm32f303xe.o [1]
  .text              ro code  0x080025ac     0x4  startup_stm32f303xe.o [1]
  .text              ro code  0x080025b0     0x4  startup_stm32f303xe.o [1]
  .text              ro code  0x080025b4     0x4  startup_stm32f303xe.o [1]
  .text              ro code  0x080025b8     0x4  startup_stm32f303xe.o [1]
  .text              ro code  0x080025bc     0x4  startup_stm32f303xe.o [1]
  .text              ro code  0x080025c0     0x4  startup_stm32f303xe.o [1]
  .text              ro code  0x080025c4     0x4  startup_stm32f303xe.o [1]
  .text              ro code  0x080025c8     0x4  startup_stm32f303xe.o [1]
  .text              ro code  0x080025cc     0x4  startup_stm32f303xe.o [1]
  .text              ro code  0x080025d0     0x4  startup_stm32f303xe.o [1]
  .text              ro code  0x080025d4     0x4  startup_stm32f303xe.o [1]
  .text              ro code  0x080025d8     0x4  startup_stm32f303xe.o [1]
  .text              ro code  0x080025dc     0x4  startup_stm32f303xe.o [1]
  .text              ro code  0x080025e0     0x4  startup_stm32f303xe.o [1]
  .text              ro code  0x080025e4     0x4  startup_stm32f303xe.o [1]
  .text              ro code  0x080025e8     0x4  startup_stm32f303xe.o [1]
  .text              ro code  0x080025ec     0x4  startup_stm32f303xe.o [1]
  .text              ro code  0x080025f0     0x4  startup_stm32f303xe.o [1]
  .text              ro code  0x080025f4     0x4  startup_stm32f303xe.o [1]
  .text              ro code  0x080025f8     0x4  startup_stm32f303xe.o [1]
  .text              ro code  0x080025fc     0x4  startup_stm32f303xe.o [1]
  .text              ro code  0x08002600     0x4  startup_stm32f303xe.o [1]
  .text              ro code  0x08002604     0x4  startup_stm32f303xe.o [1]
  .text              ro code  0x08002608     0x4  startup_stm32f303xe.o [1]
  .text              ro code  0x0800260c     0x4  startup_stm32f303xe.o [1]
  .text              ro code  0x08002610     0x4  startup_stm32f303xe.o [1]
  .text              ro code  0x08002614     0x4  startup_stm32f303xe.o [1]
  .text              ro code  0x08002618     0x4  startup_stm32f303xe.o [1]
  .text              ro code  0x0800261c     0x4  startup_stm32f303xe.o [1]
  .text              ro code  0x08002620     0x4  startup_stm32f303xe.o [1]
  .text              ro code  0x08002624     0x4  startup_stm32f303xe.o [1]
  .text              ro code  0x08002628     0x4  startup_stm32f303xe.o [1]
  .text              ro code  0x0800262c     0x4  startup_stm32f303xe.o [1]
  .text              ro code  0x08002630     0x4  startup_stm32f303xe.o [1]
  .text              ro code  0x08002634     0x4  startup_stm32f303xe.o [1]
  .text              ro code  0x08002638     0x4  startup_stm32f303xe.o [1]
  .text              ro code  0x0800263c     0x4  startup_stm32f303xe.o [1]
  .text              ro code  0x08002640     0x4  startup_stm32f303xe.o [1]
  .text              ro code  0x08002644     0x4  startup_stm32f303xe.o [1]
  .text              ro code  0x08002648     0x4  startup_stm32f303xe.o [1]
  .text              ro code  0x0800264c     0x4  startup_stm32f303xe.o [1]
  .text              ro code  0x08002650     0x4  startup_stm32f303xe.o [1]
  .text              ro code  0x08002654     0x4  startup_stm32f303xe.o [1]
  .text              ro code  0x08002658     0x4  startup_stm32f303xe.o [1]
  .text              ro code  0x0800265c     0x4  startup_stm32f303xe.o [1]
  .text              ro code  0x08002660     0x4  startup_stm32f303xe.o [1]
  .text              ro code  0x08002664     0x4  startup_stm32f303xe.o [1]
  .text              ro code  0x08002668     0x4  startup_stm32f303xe.o [1]
  .text              ro code  0x0800266c     0x4  startup_stm32f303xe.o [1]
  .text              ro code  0x08002670     0x4  startup_stm32f303xe.o [1]
  .text              ro code  0x08002674     0x4  startup_stm32f303xe.o [1]
  .text              ro code  0x08002678     0x4  startup_stm32f303xe.o [1]
  .text              ro code  0x0800267c     0x4  startup_stm32f303xe.o [1]
  .rodata            const    0x08002680     0x0  zero_init3.o [5]
  .rodata            const    0x08002680     0x0  copy_init3.o [5]
                            - 0x08002680  0x24ec

"P2", part 1 of 3:                          0x10
  P2-1                        0x20000000    0x10  <Init block>
    .data            inited   0x20000000     0xc  stm32f3xx_hal.o [1]
    .data            inited   0x2000000c     0x4  system_stm32f3xx.o [1]
                            - 0x20000010    0x10

"P2", part 2 of 3:                          0xd8
  .bss               zero     0x20000010    0x70  usart.o [1]
  .bss               zero     0x20000080    0x64  spi.o [1]
  .bss               zero     0x200000e4     0x1  main.o [1]
                            - 0x200000e5    0xd5

"P2", part 3 of 3:                         0x400
  CSTACK                      0x200000e8   0x400  <Block>
    CSTACK           uninit   0x200000e8   0x400  <Block tail>
                            - 0x200004e8   0x400


*******************************************************************************
*** INIT TABLE
***

          Address     Size
          -------     ----
Zero (__iar_zero_init3)
    1 destination range, total size 0xd5:
          0x20000010  0xd5

Copy (__iar_copy_init3)
    1 source range, total size 0x10:
          0x0800251c  0x10
    1 destination range, total size 0x10:
          0x20000000  0x10



*******************************************************************************
*** MODULE SUMMARY
***

    Module                  ro code  ro data  rw data
    ------                  -------  -------  -------
D:\Signal Generator\SW\SignalGeneratorV00_2.2\EWARM\SignalGeneratorV00_2\Obj: [1]
    gpio.o                      364
    main.o                      270                 1
    spi.o                       224               100
    startup_stm32f303xe.o       740
    stm32f3xx_hal.o             168       12       12
    stm32f3xx_hal_cortex.o      450
    stm32f3xx_hal_dma.o          74
    stm32f3xx_hal_gpio.o        918
    stm32f3xx_hal_msp.o         140
    stm32f3xx_hal_rcc.o       1 936
    stm32f3xx_hal_rcc_ex.o    1 296
    stm32f3xx_hal_spi.o         906
    stm32f3xx_hal_uart.o      1 664
    stm32f3xx_it.o               56
    system_stm32f3xx.o          124       12        4
    usart.o                     196               112
    -------------------------------------------------
    Total:                    9 526       24      229

command line: [2]
    -------------------------------------------------
    Total:

dl7M_tlf.a: [3]
    exit.o                        4
    low_level_init.o              4
    -------------------------------------------------
    Total:                        8

m7M_tls.a: [4]
    fpinit_M.o                   34
    -------------------------------------------------
    Total:                       34

rt7M_tl.a: [5]
    cexit.o                      10
    cmain.o                      26
    copy_init3.o                 44
    cstartup_M.o                 12
    data_init.o                  40
    zero_init3.o                 64
    -------------------------------------------------
    Total:                      196

shb_l.a: [6]
    exit.o                       20
    -------------------------------------------------
    Total:                       20

    Gaps                         10        2
    Linker created                        36    1 024
-----------------------------------------------------
    Grand Total:              9 794       62    1 253


*******************************************************************************
*** ENTRY LIST
***

Entry                      Address   Size  Type      Object
-----                      -------   ----  ----      ------
.iar.init_table$$Base   0x080024a4          --   Gb  - Linker created -
.iar.init_table$$Limit  0x080024c8          --   Gb  - Linker created -
?main                   0x080024c9         Code  Gb  cmain.o [5]
AHBPrescTable           0x08002394   0x10  Data  Gb  system_stm32f3xx.o [1]
APBPrescTable           0x08002538    0x8  Data  Gb  system_stm32f3xx.o [1]
CSTACK$$Base            0x200000e8          --   Gb  - Linker created -
CSTACK$$Limit           0x200004e8          --   Gb  - Linker created -
Display                 0x08000931   0x20  Code  Gb  main.o [1]
Display_state           0x200000e4    0x1  Data  Gb  main.o [1]
EXTI15_10_IRQHandler    0x080023f3   0x1e  Code  Gb  stm32f3xx_it.o [1]
HAL_DMA_Abort_IT        0x080022dd   0x4a  Code  Gb  stm32f3xx_hal_dma.o [1]
HAL_Delay               0x08000f79   0x28  Code  Wk  stm32f3xx_hal.o [1]
HAL_GPIO_EXTI_IRQHandler
                        0x08001819   0x10  Code  Gb  stm32f3xx_hal_gpio.o [1]
HAL_GPIO_Init           0x0800153d  0x292  Code  Gb  stm32f3xx_hal_gpio.o [1]
HAL_GPIO_WritePin       0x080017e3   0x30  Code  Gb  stm32f3xx_hal_gpio.o [1]
HAL_GetTick             0x08000925    0xc  Code  Wk  stm32f3xx_hal.o [1]
HAL_IncTick             0x0800241d   0x10  Code  Wk  stm32f3xx_hal.o [1]
HAL_Init                0x08000a81   0x20  Code  Gb  stm32f3xx_hal.o [1]
HAL_InitTick            0x08000a41   0x40  Code  Wk  stm32f3xx_hal.o [1]
HAL_MspInit             0x080014b1   0x8c  Code  Gb  stm32f3xx_hal_msp.o [1]
HAL_NVIC_EnableIRQ      0x08000e73   0x1a  Code  Gb  stm32f3xx_hal_cortex.o [1]
HAL_NVIC_SetPriority    0x08000e11   0x62  Code  Gb  stm32f3xx_hal_cortex.o [1]
HAL_NVIC_SetPriorityGrouping
                        0x08000dd7   0x3a  Code  Gb  stm32f3xx_hal_cortex.o [1]
HAL_RCCEx_PeriphCLKConfig
                        0x08000fa1  0x490  Code  Gb  stm32f3xx_hal_rcc_ex.o [1]
HAL_RCC_ClockConfig     0x0800061f  0x1d8  Code  Gb  stm32f3xx_hal_rcc.o [1]
HAL_RCC_GetHCLKFreq     0x0800084f    0x6  Code  Gb  stm32f3xx_hal_rcc.o [1]
HAL_RCC_GetPCLK1Freq    0x08000855   0x10  Code  Gb  stm32f3xx_hal_rcc.o [1]
HAL_RCC_GetPCLK2Freq    0x08000865    0xe  Code  Gb  stm32f3xx_hal_rcc.o [1]
HAL_RCC_GetSysClockFreq
                        0x0800081b   0x34  Code  Gb  stm32f3xx_hal_rcc.o [1]
HAL_RCC_OscConfig       0x08000195  0x45e  Code  Gb  stm32f3xx_hal_rcc.o [1]
HAL_SPI_IRQHandler      0x08002175   0xf4  Code  Gb  stm32f3xx_hal_spi.o [1]
HAL_SPI_Init            0x08001f55  0x1f6  Code  Gb  stm32f3xx_hal_spi.o [1]
HAL_SPI_MspInit         0x08000d27   0x44  Code  Gb  spi.o [1]
HAL_SYSTICK_CLKSourceConfig
                        0x08000ec9   0x26  Code  Gb  stm32f3xx_hal_cortex.o [1]
HAL_SYSTICK_Config      0x08000ea1   0x28  Code  Gb  stm32f3xx_hal_cortex.o [1]
HAL_SYSTICK_IRQHandler  0x08000f09    0x4  Code  Gb  stm32f3xx_hal_cortex.o [1]
HAL_UART_Init           0x080018d5   0x7c  Code  Gb  stm32f3xx_hal_uart.o [1]
HAL_UART_MspInit        0x08000c4b   0x42  Code  Gb  usart.o [1]
MX_GPIO_Init            0x08000aa5  0x12e  Code  Gb  gpio.o [1]
MX_SPI3_Init            0x08000cd5   0x52  Code  Gb  spi.o [1]
MX_USART2_UART_Init     0x08000c11   0x3a  Code  Gb  usart.o [1]
NVIC_SetPriority        0x08000db5   0x22  Code  Lc  stm32f3xx_hal_cortex.o [1]
Region$$Table$$Base     0x080024a4          --   Gb  - Linker created -
Region$$Table$$Limit    0x080024c8          --   Gb  - Linker created -
SPI3_IRQHandler         0x08002411    0x6  Code  Gb  stm32f3xx_it.o [1]
SPI_DMAAbortOnError     0x08002269   0x10  Code  Lc  stm32f3xx_hal_spi.o [1]
SysTick_Handler         0x080023e5    0xe  Code  Gb  stm32f3xx_it.o [1]
SystemClock_Config      0x080009b5   0x86  Code  Gb  main.o [1]
SystemCoreClock         0x2000000c    0x4  Data  Gb  system_stm32f3xx.o [1]
SystemInit              0x08002329   0x52  Code  Gb  system_stm32f3xx.o [1]
UART_AdvFeatureConfig   0x08001c4d  0x1b8  Code  Gb  stm32f3xx_hal_uart.o [1]
UART_CheckIdleState     0x08001e33   0x56  Code  Gb  stm32f3xx_hal_uart.o [1]
UART_SetConfig          0x080019c1  0x278  Code  Gb  stm32f3xx_hal_uart.o [1]
UART_WaitOnFlagUntilTimeout
                        0x08001e8d   0x58  Code  Gb  stm32f3xx_hal_uart.o [1]
_Error_Handler          0x08000a3b    0x2  Code  Gb  main.o [1]
__cmain                 0x080024c9         Code  Gb  cmain.o [5]
__exit                  0x080024f9   0x14  Code  Gb  exit.o [6]
__iar_copy_init3        0x0800242d   0x2c  Code  Gb  copy_init3.o [5]
__iar_data_init3        0x08002459   0x28  Code  Gb  data_init.o [5]
__iar_init_vfp          0x08002481         Code  Gb  fpinit_M.o [4]
__iar_program_start     0x0800252d         Code  Gb  cstartup_M.o [5]
__iar_systems$$module {Abs}
                        0x00000001         Data  Gb  command line/config [2]
__iar_zero_init3        0x080023a5   0x40  Code  Gb  zero_init3.o [5]
__low_level_init        0x080024e3    0x4  Code  Gb  low_level_init.o [3]
__vector_table          0x08000000         Data  Gb  startup_stm32f303xe.o [1]
_call_main              0x080024d5         Code  Gb  cmain.o [5]
_exit                   0x080024ed         Code  Gb  cexit.o [5]
_main                   0x080024df         Code  Gb  cmain.o [5]
aPLLMULFactorTable      0x08000904   0x10  Data  Gb  stm32f3xx_hal_rcc.o [1]
aPredivFactorTable      0x08000914   0x10  Data  Gb  stm32f3xx_hal_rcc.o [1]
assert_failed           0x08000a3d    0x2  Code  Gb  main.o [1]
exit                    0x080024e7    0x4  Code  Gb  exit.o [3]
hspi3                   0x20000080   0x64  Data  Gb  spi.o [1]
huart2                  0x20000010   0x70  Data  Gb  usart.o [1]
main                    0x08000951   0x5a  Code  Gb  main.o [1]
uwTick                  0x20000004    0x4  Data  Gb  stm32f3xx_hal.o [1]
uwTickFreq              0x20000000    0x1  Data  Gb  stm32f3xx_hal.o [1]
uwTickPrio              0x20000008    0x4  Data  Gb  stm32f3xx_hal.o [1]


[1] = D:\Signal Generator\SW\SignalGeneratorV00_2.2\EWARM\SignalGeneratorV00_2\Obj
[2] = command line
[3] = dl7M_tlf.a
[4] = m7M_tls.a
[5] = rt7M_tl.a
[6] = shb_l.a

  9 794 bytes of readonly  code memory
     62 bytes of readonly  data memory
  1 253 bytes of readwrite data memory

Errors: none
Warnings: none
